---- emit JSON (best-effort coerce) ----
{
  "kind": "proposal",
  "message": "m",
  "proposed_changes": [
    {
      "path": "pkgs",
      "op": "add",
      "value": {
        "nested": {
          "deep": [
            1,
            2,
            {
              "k": "v"
            }
          ]
        },
        "empty": {},
        "e2": []
      },
      "reason": "r"
    }
  ]
}
---- coerced contract ----
{
  "kind": "proposal",
  "message": "m",
  "missing_fields": [],
  "proposed_changes": [
    {
      "path": "pkgs",
      "op": "add",
      "value": {
        "nested": {
          "deep": [
            1,
            2,
            {
              "k": "v"
            }
          ]
        },
        "empty": {},
        "e2": []
      },
      "reason": "r"
    }
  ],
  "requires_confirmation": false
}
COERCE_CONTRACT: SCHEMA_OK
